
> pulsecheck.ai@0.1.0 build
> next build

Γû▓ Next.js 16.1.6 (Turbopack)
- Environments: .env.local

  Creating an optimized production build ...
Γ£ô Compiled successfully in 26.7s
  Running TypeScript ...
node.exe : Failed to compile.
At line:1 char:1
+ & "C:\Program Files\nodejs/node.exe" "C:\Program 
Files\nodejs/node_mo ...
+ ~~~~~~~~~~~~~~~~~~~~~~~~~~~~~~~~~~~~~~~~~~~~~~~~~~~
~~~~~~~~~~~~~~~~~~
    + CategoryInfo          : NotSpecified: (F    
ailed to compile.:String) [], RemoteExcept    ion
    + FullyQualifiedErrorId : NativeCommandErr    or
 

./src/components/floating-chat.tsx:231:25
Type error: Argument of type '(prev: ChatMessage[]) 
=> (ChatMessage | { id: string; role: "model"; 
content: string; timestamp: Date; type: string; 
})[]' is not assignable to parameter of type 
'SetStateAction<ChatMessage[]>'.
  Type '(prev: ChatMessage[]) => (ChatMessage | { 
id: string; role: "model"; content: string; 
timestamp: Date; type: string; })[]' is not 
assignable to type '(prevState: ChatMessage[]) => 
ChatMessage[]'.
    Type '(ChatMessage | { id: string; role: 
"model"; content: string; timestamp: Date; type: 
string; })[]' is not assignable to type 
'ChatMessage[]'.
      Type 'ChatMessage | { id: string; role: 
"model"; content: string; timestamp: Date; type: 
string; }' is not assignable to type 'ChatMessage'.
        Type '{ id: string; role: "model"; content: 
string; timestamp: Date; type: string; }' is not 
assignable to type 'ChatMessage'.
          Types of property 'type' are incompatible.
            Type 'string' is not assignable to type 
'"text" | "card" | undefined'.

[0m [90m 229 |[39m             [90m// Create a 
placeholder message for the streaming response[39m
 [90m 230 |[39m             [36mconst[39m 
modelMsgId [33m=[39m [33mDate[39m[33m.[39mnow()
[33m.[39mtoString()[33m;[39m
[31m[1m>[22m[39m[90m 231 |[39m             
setMessages(prev [33m=>[39m {
 [90m     |[39m                         
[31m[1m^[22m[39m
 [90m 232 |[39m                 [36mconst[39m 
updated [33m=[39m [[33m...[39mprev[33m,[39m { 
id[33m:[39m modelMsgId[33m,[39m role[33m:[39m 
[32m"model"[39m [36mas[39m 
[36mconst[39m[33m,[39m content[33m:[39m 
[32m""[39m[33m,[39m timestamp[33m:[39m 
[36mnew[39m [33mDate[39m()[33m,[39m 
type[33m:[39m [32m"text"[39m }][33m;[39m
 [90m 233 |[39m                 [36mif[39m 
(updated[33m.[39mlength [33m>[39m [35m20[39m) 
[36mreturn[39m 
updated[33m.[39mslice(updated[33m.[39mlength 
[33m-[39m [35m20[39m)[33m;[39m
 [90m 234 |[39m                 [36mreturn[39m 
updated[33m;[39m[0m
Next.js build worker exited with code: 1 and signal: 
null
