
> pulsecheck.ai@0.1.0 build
> next build

Γû▓ Next.js 16.1.6 (Turbopack)
- Environments: .env.local

  Creating an optimized production build ...
Γ£ô Compiled successfully in 13.5s
  Running TypeScript ...
  Collecting page data using 15 workers ...
node.exe : Error: A "use server" file can only 
export async functions, found object.
At line:1 char:1
+ & "C:\Program Files\nodejs/node.exe" 
"C:\Program Files\nodejs/node_mo ...
+ ~~~~~~~~~~~~~~~~~~~~~~~~~~~~~~~~~~~~~~~~~~~~~
~~~~~~~~~~~~~~~~~~~~~~~~
    + CategoryInfo          : NotSpecified: (E 
   rror: A "use s..., found object.:String) [  
  ], RemoteException
    + FullyQualifiedErrorId : NativeCommandErr 
   or
 
Read more: https://nextjs.org/docs/messages/inv
alid-use-server-value
    at n (C:\Users\Krrish\Desktop\pulsecheck.ai
\.next\server\chunks\[root-of-the-server]__b1e7
f9be._.js:1:1824)
    at <unknown> (C:\Users\Krrish\Desktop\pulse
check.ai\.next\server\chunks\[root-of-the-serve
r]__b1e7f9be._.js:23:2041)

> Build error occurred
Error: Failed to collect page data for 
/api/mental-health/questions
    at ignore-listed frames {
  type: 'Error'
}
