src/app/api/symptom-checker/route.ts(11,44): error TS2345: Argument of type '{ symptoms: any; age: any; gender: any; }' is not assignable to parameter of type '{ duration: string; fever: string; symptoms: string; painScale: number; age?: number | undefined; gender?: string | undefined; }'.
  Type '{ symptoms: any; age: any; gender: any; }' is missing the following properties from type '{ duration: string; fever: string; symptoms: string; painScale: number; age?: number | undefined; gender?: string | undefined; }': duration, fever, painScale
