[debug] [2026-09-06T12:31:17.615Z] ----------------------------------------------------------------------
[debug] [2026-09-06T12:31:17.616Z] Command:       C:\Program Files\nodejs\node.exe C:\Users\dewan\AppData\Local\npm-cache\_npx\7750544ccf494d8b\node_modules\firebase-tools\lib\bin\firebase.js projects:list
[debug] [2026-09-06T12:31:17.617Z] CLI Version:   15.29.0
[debug] [2026-09-06T12:31:17.617Z] Platform:      win32
[debug] [2026-09-06T12:31:17.617Z] Node Version:  v24.16.0
[debug] [2026-09-06T12:31:17.617Z] Detected Agent: antigravity
[debug] [2026-09-06T12:31:17.617Z] Time:          Sun Sep 06 2026 18:01:17 GMT+0530 (India Standard Time)
[debug] [2026-09-06T12:31:17.617Z] ----------------------------------------------------------------------
[debug] 
[debug] [2026-09-06T12:31:17.625Z] >>> [apiv2][query] GET https://firebase-public.firebaseio.com/cli.json [none]
[debug] [2026-09-06T12:31:17.742Z] > command requires scopes: ["email","openid","https://www.googleapis.com/auth/cloudplatformprojects.readonly","https://www.googleapis.com/auth/firebase","https://www.googleapis.com/auth/cloud-platform"]
[debug] [2026-09-06T12:31:17.742Z] > authorizing via signed-in user (dewangankrrish50@gmail.com)
[debug] [2026-09-06T12:31:17.743Z] Checked if tokens are valid: false, expires at: 1788611943490
[debug] [2026-09-06T12:31:17.744Z] Checked if tokens are valid: false, expires at: 1788611943490
[debug] [2026-09-06T12:31:17.744Z] > refreshing access token with scopes: []
[debug] [2026-09-06T12:31:17.744Z] >>> [apiv2][query] POST https://www.googleapis.com/oauth2/v3/token [none]
[debug] [2026-09-06T12:31:17.744Z] >>> [apiv2][body] POST https://www.googleapis.com/oauth2/v3/token [omitted]
[debug] [2026-09-06T12:31:18.072Z] <<< [apiv2][status] POST https://www.googleapis.com/oauth2/v3/token 200
[debug] [2026-09-06T12:31:18.072Z] <<< [apiv2][body] POST https://www.googleapis.com/oauth2/v3/token [omitted]
[debug] [2026-09-06T12:31:18.078Z] >>> [apiv2][query] GET https://firebase.googleapis.com/v1beta1/projects pageSize=1000
[debug] [2026-09-06T12:31:19.119Z] <<< [apiv2][status] GET https://firebase-public.firebaseio.com/cli.json 200
[debug] [2026-09-06T12:31:19.120Z] <<< [apiv2][body] GET https://firebase-public.firebaseio.com/cli.json {"cloudBuildErrorAfter":1594252800000,"cloudBuildWarnAfter":1590019200000,"defaultNode10After":1594252800000,"minVersion":"3.0.5","node8DeploysDisabledAfter":1613390400000,"node8RuntimeDisabledAfter":1615809600000,"node8WarnAfter":1600128000000}
[debug] [2026-09-06T12:31:19.212Z] <<< [apiv2][status] GET https://firebase.googleapis.com/v1beta1/projects 200
[debug] [2026-09-06T12:31:19.212Z] <<< [apiv2][body] GET https://firebase.googleapis.com/v1beta1/projects [omitted]
[info] ┌───────────────────────────┬───────────────────────────────────┬────────────────┬──────────────────────┐
│ Project Display Name      │ Project ID                        │ Project Number │ Resource Location ID │
├───────────────────────────┼───────────────────────────────────┼────────────────┼──────────────────────┤
│ AquaKumbh                 │ aquakumbh-cec20                   │ 319715892426   │ [Not specified]      │
├───────────────────────────┼───────────────────────────────────┼────────────────┼──────────────────────┤
│ Aranya Drishti App        │ aranya-drishti-app                │ 1033286626985  │ [Not specified]      │
├───────────────────────────┼───────────────────────────────────┼────────────────┼──────────────────────┤
│ Codician-Auc-AM           │ codician-auc-am                   │ 199835691387   │ [Not specified]      │
├───────────────────────────┼───────────────────────────────────┼────────────────┼──────────────────────┤
│ codician club auc         │ codician-club-auc                 │ 492633438360   │ [Not specified]      │
├───────────────────────────┼───────────────────────────────────┼────────────────┼──────────────────────┤
│ Echoes of the past        │ echoes-of-the-past-5f91f          │ 309165447638   │ [Not specified]      │
├───────────────────────────┼───────────────────────────────────┼────────────────┼──────────────────────┤
│ Edu-Setu                  │ edu-setu                          │ 866308016711   │ [Not specified]      │
├───────────────────────────┼───────────────────────────────────┼────────────────┼──────────────────────┤
│ HealthSense AI Production │ healthsense-ai-prod-478 (current) │ 218534686639   │ [Not specified]      │
├───────────────────────────┼───────────────────────────────────┼────────────────┼──────────────────────┤
│ kd-ai                     │ kd-ai-a7bc2                       │ 234044518112   │ [Not specified]      │
├───────────────────────────┼───────────────────────────────────┼────────────────┼──────────────────────┤
│ safepath                  │ safepath-cbd89                    │ 622514845094   │ [Not specified]      │
├───────────────────────────┼───────────────────────────────────┼────────────────┼──────────────────────┤
│ safepathv2                │ safepathv2                        │ 471859631556   │ [Not specified]      │
├───────────────────────────┼───────────────────────────────────┼────────────────┼──────────────────────┤
│ Wildlife App              │ wildlife-dewangan-app             │ 285951284517   │ [Not specified]      │
└───────────────────────────┴───────────────────────────────────┴────────────────┴──────────────────────┘
[info] 
[info] 11 project(s) total.
