src/components/floating-chat.tsx(231,25): error TS2345: Argument of type '(prev: ChatMessage[]) => (ChatMessage | { id: string; role: "model"; content: string; timestamp: Date; type: string; })[]' is not assignable to parameter of type 'SetStateAction<ChatMessage[]>'.
  Type '(prev: ChatMessage[]) => (ChatMessage | { id: string; role: "model"; content: string; timestamp: Date; type: string; })[]' is not assignable to type '(prevState: ChatMessage[]) => ChatMessage[]'.
    Type '(ChatMessage | { id: string; role: "model"; content: string; timestamp: Date; type: string; })[]' is not assignable to type 'ChatMessage[]'.
      Type 'ChatMessage | { id: string; role: "model"; content: string; timestamp: Date; type: string; }' is not assignable to type 'ChatMessage'.
        Type '{ id: string; role: "model"; content: string; timestamp: Date; type: string; }' is not assignable to type 'ChatMessage'.
          Types of property 'type' are incompatible.
            Type 'string' is not assignable to type '"text" | "card" | undefined'.
